Traceback (most recent call last):
  File "/home/sriramkannan_umass_edu/690R-BioMarkers/final-bio/main_ssl_research.py", line 13, in <module>
    import main_ssl as _base_main
  File "/home/sriramkannan_umass_edu/690R-BioMarkers/final-bio/main_ssl.py", line 10, in <module>
    from trainer import (
  File "/home/sriramkannan_umass_edu/690R-BioMarkers/final-bio/trainer.py", line 16, in <module>
    from data_preprocess import data_preprocess_ucihar
  File "/home/sriramkannan_umass_edu/690R-BioMarkers/final-bio/data_preprocess/data_preprocess_ucihar.py", line 9, in <module>
    from torchvision import transforms
  File "/work/pi_dagarwal_umass_edu/project_1/swetha/.venv/lib/python3.12/site-packages/torchvision/__init__.py", line 8, in <module>
    from torchvision import _meta_registrations, datasets, io, models, ops, transforms, utils  # usort:skip
    ^^^^^^^^^^^^^^^^^^^^^^^^^^^^^^^^^^^^^^^^^^^^^^^^^^^^^^^^^^^^^^^^^^^^^^^^^^^^^^^^^^^^^^^^^
  File "/work/pi_dagarwal_umass_edu/project_1/swetha/.venv/lib/python3.12/site-packages/torchvision/_meta_registrations.py", line 163, in <module>
    @torch.library.register_fake("torchvision::nms")
     ^^^^^^^^^^^^^^^^^^^^^^^^^^^^^^^^^^^^^^^^^^^^^^^
  File "/work/pi_dagarwal_umass_edu/project_1/swetha/.venv/lib/python3.12/site-packages/torch/library.py", line 1087, in register
    use_lib._register_fake(
  File "/work/pi_dagarwal_umass_edu/project_1/swetha/.venv/lib/python3.12/site-packages/torch/library.py", line 204, in _register_fake
    handle = entry.fake_impl.register(
             ^^^^^^^^^^^^^^^^^^^^^^^^^
  File "/work/pi_dagarwal_umass_edu/project_1/swetha/.venv/lib/python3.12/site-packages/torch/_library/fake_impl.py", line 50, in register
    if torch._C._dispatch_has_kernel_for_dispatch_key(self.qualname, "Meta"):
       ^^^^^^^^^^^^^^^^^^^^^^^^^^^^^^^^^^^^^^^^^^^^^^^^^^^^^^^^^^^^^^^^^^^^^
RuntimeError: operator torchvision::nms does not exist
